exports[`test test:/src/app.render 1`] = `
<div
  class="App">
  <div
    class="App-header">
    <h2>
      Welcome to React
    </h2>
  </div>
  <p
    class="App-intro">
    To get started, edit 
    <code>
      src/App.js
    </code>
     and save to reload.
  </p>
</div>
`;
